node.exe : • turbo 2.9.12
At line:1 char:1
+ & "C:\Program Files\nodejs/node.exe" "C:\Program Files\nodejs/node_mo ...
+ ~~~~~~~~~~~~~~~~~~~~~~~~~~~~~~~~~~~~~~~~~~~~~~~~~~~~~~~~~~~~~~~~~~~~~
    + CategoryInfo          : NotSpecified: (• turbo 2.9.12:String) [], RemoteException
    + FullyQualifiedErrorId : NativeCommandError
 

   • Packages in scope: @dr-ahmed/web
   • Running build in 1 packages
   • Remote caching disabled

@dr-ahmed/web:build: cache miss, executing 5786c4d0329338b7
@dr-ahmed/web:build: 
@dr-ahmed/web:build: > @dr-ahmed/web@0.0.1 build
@dr-ahmed/web:build: > npx next build && node -e "const fs=require('fs');try{fs.cpSync('.next/static','.next/standalone/.next/static',{recursive:true});fs.cpSync('public','.next/standalone/public',{recursive:true});console.log('Static files copied to standalone.')}catch(e){console.warn('Copy skipped:',e.message)}"
@dr-ahmed/web:build: 
@dr-ahmed/web:build:  ⚠ Invalid next.config.ts options detected: 
@dr-ahmed/web:build:  ⚠     Unrecognized key(s) in object: 'turbopack'
@dr-ahmed/web:build:  ⚠ See more info here: https://nextjs.org/docs/messages/invalid-next-config
@dr-ahmed/web:build:    ▲ Next.js 15.1.4
@dr-ahmed/web:build:    - Environments: .env.production, .env
@dr-ahmed/web:build: 
@dr-ahmed/web:build:    Creating an optimized production build ...
@dr-ahmed/web:build:  ✓ Compiled successfully
@dr-ahmed/web:build:    Skipping validation of types
@dr-ahmed/web:build:    Linting ...
@dr-ahmed/web:build: 
@dr-ahmed/web:build: Failed to compile.
@dr-ahmed/web:build: 
@dr-ahmed/web:build: ./src/components/editor/editable-components.tsx
@dr-ahmed/web:build: 44:6  Warning: React Hook useEffect has a missing dependency: 'getInitialValue'. Either include it or remove the dependency array.  react-hooks/exhaustive-deps
@dr-ahmed/web:build: 
@dr-ahmed/web:build: ./src/app/[locale]/admin/appointments/page.tsx
@dr-ahmed/web:build: 30:45  Warning: React Hook useEffect has a missing dependency: 'fetchAppointments'. Either include it or remove the dependency array.  react-hooks/exhaustive-deps
@dr-ahmed/web:build: 
@dr-ahmed/web:build: ./src/app/[locale]/admin/blog/page.tsx
@dr-ahmed/web:build: 52:38  Warning: React Hook useEffect has a missing dependency: 'fetchPosts'. Either include it or remove the dependency array.  react-hooks/exhaustive-deps
@dr-ahmed/web:build: 
@dr-ahmed/web:build: ./src/app/[locale]/admin/dashboard/page.tsx
@dr-ahmed/web:build: 56:6  Warning: React Hook useEffect has a missing dependency: 'fetchStats'. Either include it or remove the dependency array.  react-hooks/exhaustive-deps
@dr-ahmed/web:build: 333:22  Error: 'motion' is not defined.  react/jsx-no-undef
@dr-ahmed/web:build: 
@dr-ahmed/web:build: ./src/app/[locale]/admin/hero-slides/page.tsx
@dr-ahmed/web:build: 51:39  Warning: React Hook useEffect has a missing dependency: 'fetchSlides'. Either include it or remove the dependency array.  react-hooks/exhaustive-deps
@dr-ahmed/web:build: 
@dr-ahmed/web:build: ./src/app/[locale]/admin/media/page.tsx
@dr-ahmed/web:build: 40:38  Warning: React Hook useEffect has a missing dependency: 'fetchItems'. Either include it or remove the dependency array.  react-hooks/exhaustive-deps
@dr-ahmed/web:build: 
@dr-ahmed/web:build: ./src/app/[locale]/admin/messages/page.tsx
@dr-ahmed/web:build: 28:41  Warning: React Hook useEffect has a missing dependency: 'fetchMessages'. Either include it or remove the dependency array.  react-hooks/exhaustive-deps
@dr-ahmed/web:build: 
@dr-ahmed/web:build: ./src/app/[locale]/admin/newsletter/page.tsx
@dr-ahmed/web:build: 46:44  Warning: React Hook useEffect has a missing dependency: 'fetchSubscribers'. Either include it or remove the dependency array.  react-hooks/exhaustive-deps
@dr-ahmed/web:build: 
@dr-ahmed/web:build: ./src/app/[locale]/admin/payments/page.tsx
@dr-ahmed/web:build: 137:17  Warning: Image elements must have an alt prop, either with meaningful text, or an empty string for decorative images.  jsx-a11y/alt-text
@dr-ahmed/web:build: 
@dr-ahmed/web:build: ./src/app/[locale]/admin/prescriptions/page.tsx
@dr-ahmed/web:build: 39:6  Warning: React Hook useEffect has a missing dependency: 'fetchPrescriptions'. Either include it or remove the dependency array.  react-hooks/exhaustive-deps
@dr-ahmed/web:build: 
@dr-ahmed/web:build: ./src/app/[locale]/admin/services/page.tsx
@dr-ahmed/web:build: 42:41  Warning: React Hook useEffect has a missing dependency: 'fetchServices'. Either include it or remove the dependency array.  react-hooks/exhaustive-deps
@dr-ahmed/web:build: 
@dr-ahmed/web:build: ./src/app/[locale]/admin/settings/page.tsx
@dr-ahmed/web:build: 43:6  Warning: React Hook useEffect has a missing dependency: 'settings'. Either include it or remove the dependency array.  react-hooks/exhaustive-deps
@dr-ahmed/web:build: 
@dr-ahmed/web:build: ./src/app/[locale]/admin/techniques/page.tsx
@dr-ahmed/web:build: 59:43  Warning: React Hook useEffect has a missing dependency: 'fetchTechniques'. Either include it or remove the dependency array.  react-hooks/exhaustive-deps
@dr-ahmed/web:build: 
@dr-ahmed/web:build: ./src/app/[locale]/admin/testimonials/page.tsx
@dr-ahmed/web:build: 29:45  Warning: React Hook useEffect has a missing dependency: 'fetchTestimonials'. Either include it or remove the dependency array.  react-hooks/exhaustive-deps
@dr-ahmed/web:build: 
@dr-ahmed/web:build: ./src/app/[locale]/dashboard/appointments/page.tsx
@dr-ahmed/web:build: 52:6  Warning: React Hook useEffect has a missing dependency: 'router'. Either include it or remove the dependency array.  react-hooks/exhaustive-deps
@dr-ahmed/web:build: 
@dr-ahmed/web:build: ./src/app/[locale]/dashboard/reports/page.tsx
@dr-ahmed/web:build: 46:6  Warning: React Hook useEffect has a missing dependency: 'router'. Either include it or remove the dependency array.  react-hooks/exhaustive-deps
@dr-ahmed/web:build: 
@dr-ahmed/web:build: info  - Need to disable some ESLint rules? Learn more here: https://nextjs.org/docs/app/api-reference/config/eslint#disabling-rules
@dr-ahmed/web:build: npm error Lifecycle script `build` failed with error:
@dr-ahmed/web:build: npm error code 1
@dr-ahmed/web:build: npm error path D:\Dr Ahmed +\apps\web
@dr-ahmed/web:build: npm error workspace @dr-ahmed/web@0.0.1
@dr-ahmed/web:build: npm error location D:\Dr Ahmed +\apps\web
@dr-ahmed/web:build: npm error command failed
@dr-ahmed/web:build: npm error command C:\Windows\system32\cmd.exe /d /s /c npx next build && node -e "const fs=require('fs');try{fs.cpSync('.next/static','.next/standalone/.next/static',{recursive:true});fs.cpSync('public','.next/standalone/public',{recursive:true});console.log('Static files copied to standalone.')}catch(e){console.warn('Copy skipped:',e.message)}"
 ERROR  @dr-ahmed/web#build: command (D:\Dr Ahmed +\apps\web) C:\Program Files\nodejs\npm.cmd run build exited (1)

 Tasks:    0 successful, 1 total
Cached:    0 cached, 1 total
  Time:    1m47.448s 
Failed:    @dr-ahmed/web#build

 ERROR  run failed: command  exited (1)
